// Jest Snapshot v1, https://goo.gl/fbAQLP

exports[`ClaimAsset constructor should have valid schema 1`] = `
Object {
  "$id": "digitalAsset/claim-asset",
  "properties": Object {
    "newHosts": Object {
      "fieldNumber": 4,
      "items": Object {
        "dataType": "bytes",
      },
      "type": "array",
    },
    "newMerkleHeight": Object {
      "dataType": "uint32",
      "fieldNumber": 3,
    },
    "newMerkleRoot": Object {
      "dataType": "bytes",
      "fieldNumber": 2,
    },
    "newSecret": Object {
      "dataType": "string",
      "fieldNumber": 5,
    },
    "oldMerkleRoot": Object {
      "dataType": "bytes",
      "fieldNumber": 1,
    },
  },
  "required": Array [
    "oldMerkleRoot",
    "newMerkleRoot",
    "newMerkleHeight",
    "newHosts",
  ],
  "title": "ClaimAsset transaction asset for digitalAsset module",
  "type": "object",
}
`;
