// Jest Snapshot v1, https://goo.gl/fbAQLP

exports[`ResponseAsset constructor should have valid schema 1`] = `
Object {
  "$id": "digitalAsset/response-asset",
  "properties": Object {
    "address": Object {
      "dataType": "bytes",
      "fieldNumber": 1,
    },
    "merkleRoot": Object {
      "dataType": "bytes",
      "fieldNumber": 2,
    },
    "newSecret": Object {
      "dataType": "string",
      "fieldNumber": 4,
    },
    "response": Object {
      "dataType": "string",
      "fieldNumber": 3,
    },
  },
  "required": Array [
    "address",
    "merkleRoot",
    "response",
    "newSecret",
  ],
  "title": "ResponseAsset transaction asset for digitalAsset module",
  "type": "object",
}
`;
